2025-05-11 14:12:54,695 - Seleccionando archivo PDF...
2025-05-11 14:12:58,532 - Archivo seleccionado: /Users/juanjo/Library/CloudStorage/OneDrive-KALEIDAGEOGRAFIAS&MERCADOSSL/UNIR/Tribunales/TFM 2025/Tribunal Mayo/_XLSXs/RUBRICA_TFE Stiven Muñoz.pdf
2025-05-11 14:12:58,532 - Iniciando Safari...
2025-05-11 14:13:00,153 - Abriendo página...
2025-05-11 14:13:06,930 - Subiendo PDF...
2025-05-11 14:13:06,941 - ❌ Error durante la ejecución: Message: ; For documentation on this error, please visit: https://www.selenium.dev/documentation/webdriver/troubleshooting/errors#no-such-element-exception

2025-05-11 14:18:10,685 - ERROR - Error durante la automatización: Message: ; For documentation on this error, please visit: https://www.selenium.dev/documentation/webdriver/troubleshooting/errors#no-such-element-exception

2025-05-11 14:30:06,869 - ERROR - Error durante la automatización: Message: ; For documentation on this error, please visit: https://www.selenium.dev/documentation/webdriver/troubleshooting/errors#no-such-element-exception

2025-05-11 14:38:38,812 - ERROR - Error durante la automatización: Message: ; For documentation on this error, please visit: https://www.selenium.dev/documentation/webdriver/troubleshooting/errors#no-such-element-exception

2025-05-11 14:41:49,920 - ERROR - Error durante la automatización: Message: ; For documentation on this error, please visit: https://www.selenium.dev/documentation/webdriver/troubleshooting/errors#no-such-element-exception

2025-05-11 14:44:11,516 - ERROR - Error durante la automatización: Message: ; For documentation on this error, please visit: https://www.selenium.dev/documentation/webdriver/troubleshooting/errors#no-such-element-exception

2025-05-11 18:26:28,467 - Error durante la automatización: Message: ; For documentation on this error, please visit: https://www.selenium.dev/documentation/webdriver/troubleshooting/errors#no-such-element-exception

2025-05-11 18:46:56,613 - Error durante la automatización: Message: ; For documentation on this error, please visit: https://www.selenium.dev/documentation/webdriver/troubleshooting/errors#no-such-element-exception

2025-05-11 18:52:58,482 - Error durante la automatización: Message: 

2025-05-11 18:53:28,748 - Error durante la automatización: Message: 

2025-05-11 18:54:09,165 - Error durante la automatización: Message: 

2025-05-11 18:56:21,472 - Error durante la automatización: Message: 

2025-05-11 18:57:19,107 - Error durante la automatización: Message: 

2025-05-11 19:05:28,788 - Error durante la automatización: Message: 

2025-05-11 19:22:28,568 - Error durante la automatización: Message: 

2025-05-11 19:28:15,117 - Error durante la automatización: Message: 

2025-05-11 19:31:46,316 - Error durante la automatización: Message: 

2025-05-11 19:33:13,612 - Error durante la automatización: Message: 

2025-05-11 19:36:26,555 - Error durante la automatización: Message: 

2025-05-11 19:37:01,393 - Error durante la automatización: Message: 

2025-05-11 19:38:24,213 - Error durante la automatización: Message: 

